"","V1","V2","V3"
"1",0.5,0.6,0.8
"2",0,0.7,0.4
"3",0.2,0.1,0.2
"4",0.2,0.4,1
"5",0.6,0,0.4
