"","V1","V2","V3"
"1",0.4,0.4,0.3
"2",0.4,0.5,0.6
"3",0.6,0.1,0.6
"4",0.6,0.6,0.6
"5",0.7,0.4,0.4
