"","V1","V2","V3"
"1",0.9,0.9,0.9
"2",0.7,0.9,1
"3",0.9,0.8,1
"4",0.8,1,1
"5",1,1,1
